{"level":"info","message":"Server is running on http://localhost:3001","timestamp":"06-16-2026 09:33:00","correlationId":"Invalid unknown-error-while-creating-correlation-id ","data":{}}
{"level":"info","message":"Press Ctrl+C to stop the server.","timestamp":"06-16-2026 09:33:00","correlationId":"Invalid unknown-error-while-creating-correlation-id ","data":{}}
{"level":"error","message":"Error in submission queue","timestamp":"06-16-2026 09:33:00","correlationId":"Invalid unknown-error-while-creating-correlation-id ","data":{}}
{"level":"error","message":"Redis connection error","timestamp":"06-16-2026 09:33:00","correlationId":"Invalid unknown-error-while-creating-correlation-id ","data":{"code":"ECONNREFUSED","stack":"AggregateError: \n    at internalConnectMultiple (node:net:1134:18)\n    at afterConnectMultiple (node:net:1715:7)"}}
{"level":"error","message":"Redis connection error","timestamp":"06-16-2026 09:33:00","correlationId":"Invalid unknown-error-while-creating-correlation-id ","data":{"code":"ECONNREFUSED","stack":"AggregateError: \n    at internalConnectMultiple (node:net:1134:18)\n    at afterConnectMultiple (node:net:1715:7)"}}
{"level":"error","message":"Redis connection error","timestamp":"06-16-2026 09:33:00","correlationId":"Invalid unknown-error-while-creating-correlation-id ","data":{"code":"ECONNREFUSED","stack":"AggregateError: \n    at internalConnectMultiple (node:net:1134:18)\n    at afterConnectMultiple (node:net:1715:7)"}}
{"level":"error","message":"Redis connection error","timestamp":"06-16-2026 09:33:00","correlationId":"Invalid unknown-error-while-creating-correlation-id ","data":{"code":"ECONNREFUSED","stack":"AggregateError: \n    at internalConnectMultiple (node:net:1134:18)\n    at afterConnectMultiple (node:net:1715:7)"}}
{"level":"error","message":"Redis connection error","timestamp":"06-16-2026 09:33:00","correlationId":"Invalid unknown-error-while-creating-correlation-id ","data":{"code":"ECONNREFUSED","stack":"AggregateError: \n    at internalConnectMultiple (node:net:1134:18)\n    at afterConnectMultiple (node:net:1715:7)"}}
{"level":"error","message":"Redis connection error","timestamp":"06-16-2026 09:33:01","correlationId":"Invalid unknown-error-while-creating-correlation-id ","data":{"code":"ECONNREFUSED","stack":"AggregateError: \n    at internalConnectMultiple (node:net:1134:18)\n    at afterConnectMultiple (node:net:1715:7)"}}
{"level":"error","message":"Error in submission queue","timestamp":"06-16-2026 09:33:01","correlationId":"Invalid unknown-error-while-creating-correlation-id ","data":{}}
{"level":"error","message":"Redis connection error","timestamp":"06-16-2026 09:33:01","correlationId":"Invalid unknown-error-while-creating-correlation-id ","data":{"code":"ECONNREFUSED","stack":"AggregateError: \n    at internalConnectMultiple (node:net:1134:18)\n    at afterConnectMultiple (node:net:1715:7)"}}
{"level":"error","message":"Redis connection error","timestamp":"06-16-2026 09:33:01","correlationId":"Invalid unknown-error-while-creating-correlation-id ","data":{"code":"ECONNREFUSED","stack":"AggregateError: \n    at internalConnectMultiple (node:net:1134:18)\n    at afterConnectMultiple (node:net:1715:7)"}}
{"level":"error","message":"Redis connection error","timestamp":"06-16-2026 09:33:02","correlationId":"Invalid unknown-error-while-creating-correlation-id ","data":{"code":"ECONNREFUSED","stack":"AggregateError: \n    at internalConnectMultiple (node:net:1134:18)\n    at afterConnectMultiple (node:net:1715:7)"}}
{"level":"error","message":"Error in submission queue","timestamp":"06-16-2026 09:33:02","correlationId":"Invalid unknown-error-while-creating-correlation-id ","data":{}}
{"level":"error","message":"Redis connection error","timestamp":"06-16-2026 09:33:02","correlationId":"Invalid unknown-error-while-creating-correlation-id ","data":{"code":"ECONNREFUSED","stack":"AggregateError: \n    at internalConnectMultiple (node:net:1134:18)\n    at afterConnectMultiple (node:net:1715:7)"}}
{"level":"error","message":"Redis connection error","timestamp":"06-16-2026 09:33:03","correlationId":"Invalid unknown-error-while-creating-correlation-id ","data":{"code":"ECONNREFUSED","stack":"AggregateError: \n    at internalConnectMultiple (node:net:1134:18)\n    at afterConnectMultiple (node:net:1715:7)"}}
{"level":"error","message":"Error in submission queue","timestamp":"06-16-2026 09:33:03","correlationId":"Invalid unknown-error-while-creating-correlation-id ","data":{}}
{"level":"error","message":"Redis connection error","timestamp":"06-16-2026 09:33:03","correlationId":"Invalid unknown-error-while-creating-correlation-id ","data":{"code":"ECONNREFUSED","stack":"AggregateError: \n    at internalConnectMultiple (node:net:1134:18)\n    at afterConnectMultiple (node:net:1715:7)"}}
{"level":"error","message":"Redis connection error","timestamp":"06-16-2026 09:33:04","correlationId":"Invalid unknown-error-while-creating-correlation-id ","data":{"code":"ECONNREFUSED","stack":"AggregateError: \n    at internalConnectMultiple (node:net:1134:18)\n    at afterConnectMultiple (node:net:1715:7)"}}
{"level":"error","message":"Error in submission queue","timestamp":"06-16-2026 09:33:04","correlationId":"Invalid unknown-error-while-creating-correlation-id ","data":{}}
{"level":"error","message":"Redis connection error","timestamp":"06-16-2026 09:33:04","correlationId":"Invalid unknown-error-while-creating-correlation-id ","data":{"code":"ECONNREFUSED","stack":"AggregateError: \n    at internalConnectMultiple (node:net:1134:18)\n    at afterConnectMultiple (node:net:1715:7)"}}
{"level":"error","message":"Error in submission queue","timestamp":"06-16-2026 09:33:05","correlationId":"Invalid unknown-error-while-creating-correlation-id ","data":{}}
{"level":"error","message":"Redis connection error","timestamp":"06-16-2026 09:33:05","correlationId":"Invalid unknown-error-while-creating-correlation-id ","data":{"code":"ECONNREFUSED","stack":"AggregateError: \n    at internalConnectMultiple (node:net:1134:18)\n    at afterConnectMultiple (node:net:1715:7)"}}
{"level":"error","message":"Error in submission queue","timestamp":"06-16-2026 09:33:06","correlationId":"Invalid unknown-error-while-creating-correlation-id ","data":{}}
{"level":"error","message":"Redis connection error","timestamp":"06-16-2026 09:33:06","correlationId":"Invalid unknown-error-while-creating-correlation-id ","data":{"code":"ECONNREFUSED","stack":"AggregateError: \n    at internalConnectMultiple (node:net:1134:18)\n    at afterConnectMultiple (node:net:1715:7)"}}
{"level":"error","message":"Redis connection error","timestamp":"06-16-2026 09:33:07","correlationId":"Invalid unknown-error-while-creating-correlation-id ","data":{"code":"ECONNREFUSED","stack":"AggregateError: \n    at internalConnectMultiple (node:net:1134:18)\n    at afterConnectMultiple (node:net:1715:7)"}}
{"level":"error","message":"Error in submission queue","timestamp":"06-16-2026 09:33:07","correlationId":"Invalid unknown-error-while-creating-correlation-id ","data":{}}
{"level":"error","message":"Redis connection error","timestamp":"06-16-2026 09:33:08","correlationId":"Invalid unknown-error-while-creating-correlation-id ","data":{"code":"ECONNREFUSED","stack":"AggregateError: \n    at internalConnectMultiple (node:net:1134:18)\n    at afterConnectMultiple (node:net:1715:7)"}}
{"level":"error","message":"Redis connection error","timestamp":"06-16-2026 09:33:09","correlationId":"Invalid unknown-error-while-creating-correlation-id ","data":{"code":"ECONNREFUSED","stack":"AggregateError: \n    at internalConnectMultiple (node:net:1134:18)\n    at afterConnectMultiple (node:net:1715:7)"}}
{"level":"error","message":"Redis connection error","timestamp":"06-16-2026 09:33:09","correlationId":"Invalid unknown-error-while-creating-correlation-id ","data":{"code":"ECONNREFUSED","stack":"AggregateError: \n    at internalConnectMultiple (node:net:1134:18)\n    at afterConnectMultiple (node:net:1715:7)"}}
{"level":"error","message":"Error in submission queue","timestamp":"06-16-2026 09:33:10","correlationId":"Invalid unknown-error-while-creating-correlation-id ","data":{}}
{"level":"error","message":"Redis connection error","timestamp":"06-16-2026 09:33:11","correlationId":"Invalid unknown-error-while-creating-correlation-id ","data":{"code":"ECONNREFUSED","stack":"AggregateError: \n    at internalConnectMultiple (node:net:1134:18)\n    at afterConnectMultiple (node:net:1715:7)"}}
{"level":"error","message":"Redis connection error","timestamp":"06-16-2026 09:33:12","correlationId":"Invalid unknown-error-while-creating-correlation-id ","data":{"code":"ECONNREFUSED","stack":"AggregateError: \n    at internalConnectMultiple (node:net:1134:18)\n    at afterConnectMultiple (node:net:1715:7)"}}
{"level":"error","message":"Redis connection error","timestamp":"06-16-2026 09:33:13","correlationId":"Invalid unknown-error-while-creating-correlation-id ","data":{"code":"ECONNREFUSED","stack":"AggregateError: \n    at internalConnectMultiple (node:net:1134:18)\n    at afterConnectMultiple (node:net:1715:7)"}}
{"level":"error","message":"Redis connection error","timestamp":"06-16-2026 09:33:14","correlationId":"Invalid unknown-error-while-creating-correlation-id ","data":{"code":"ECONNREFUSED","stack":"AggregateError: \n    at internalConnectMultiple (node:net:1134:18)\n    at afterConnectMultiple (node:net:1715:7)"}}
{"level":"error","message":"Redis connection error","timestamp":"06-16-2026 09:33:15","correlationId":"Invalid unknown-error-while-creating-correlation-id ","data":{"code":"ECONNREFUSED","stack":"AggregateError: \n    at internalConnectMultiple (node:net:1134:18)\n    at afterConnectMultiple (node:net:1715:7)"}}
{"level":"error","message":"Redis connection error","timestamp":"06-16-2026 09:33:16","correlationId":"Invalid unknown-error-while-creating-correlation-id ","data":{"code":"ECONNREFUSED","stack":"AggregateError: \n    at internalConnectMultiple (node:net:1134:18)\n    at afterConnectMultiple (node:net:1715:7)"}}
{"level":"error","message":"Redis connection error","timestamp":"06-16-2026 09:33:18","correlationId":"Invalid unknown-error-while-creating-correlation-id ","data":{"code":"ECONNREFUSED","stack":"AggregateError: \n    at internalConnectMultiple (node:net:1134:18)\n    at afterConnectMultiple (node:net:1715:7)"}}
{"level":"error","message":"Error in submission queue","timestamp":"06-16-2026 09:33:18","correlationId":"Invalid unknown-error-while-creating-correlation-id ","data":{}}
{"level":"error","message":"Redis connection error","timestamp":"06-16-2026 09:33:19","correlationId":"Invalid unknown-error-while-creating-correlation-id ","data":{"code":"ECONNREFUSED","stack":"AggregateError: \n    at internalConnectMultiple (node:net:1134:18)\n    at afterConnectMultiple (node:net:1715:7)"}}
{"level":"error","message":"Redis connection error","timestamp":"06-16-2026 09:33:20","correlationId":"Invalid unknown-error-while-creating-correlation-id ","data":{"code":"ECONNREFUSED","stack":"AggregateError: \n    at internalConnectMultiple (node:net:1134:18)\n    at afterConnectMultiple (node:net:1715:7)"}}
{"level":"error","message":"Redis connection error","timestamp":"06-16-2026 09:33:22","correlationId":"Invalid unknown-error-while-creating-correlation-id ","data":{"code":"ECONNREFUSED","stack":"AggregateError: \n    at internalConnectMultiple (node:net:1134:18)\n    at afterConnectMultiple (node:net:1715:7)"}}
{"level":"error","message":"Redis connection error","timestamp":"06-16-2026 09:33:23","correlationId":"Invalid unknown-error-while-creating-correlation-id ","data":{"code":"ECONNREFUSED","stack":"AggregateError: \n    at internalConnectMultiple (node:net:1134:18)\n    at afterConnectMultiple (node:net:1715:7)"}}
{"level":"error","message":"Redis connection error","timestamp":"06-16-2026 09:33:25","correlationId":"Invalid unknown-error-while-creating-correlation-id ","data":{"code":"ECONNREFUSED","stack":"AggregateError: \n    at internalConnectMultiple (node:net:1134:18)\n    at afterConnectMultiple (node:net:1715:7)"}}
{"level":"error","message":"Redis connection error","timestamp":"06-16-2026 09:33:27","correlationId":"Invalid unknown-error-while-creating-correlation-id ","data":{"code":"ECONNREFUSED","stack":"AggregateError: \n    at internalConnectMultiple (node:net:1134:18)\n    at afterConnectMultiple (node:net:1715:7)"}}
{"level":"error","message":"Redis connection error","timestamp":"06-16-2026 09:33:28","correlationId":"Invalid unknown-error-while-creating-correlation-id ","data":{"code":"ECONNREFUSED","stack":"AggregateError: \n    at internalConnectMultiple (node:net:1134:18)\n    at afterConnectMultiple (node:net:1715:7)"}}
{"level":"error","message":"Redis connection error","timestamp":"06-16-2026 09:33:30","correlationId":"Invalid unknown-error-while-creating-correlation-id ","data":{"code":"ECONNREFUSED","stack":"AggregateError: \n    at internalConnectMultiple (node:net:1134:18)\n    at afterConnectMultiple (node:net:1715:7)"}}
{"level":"error","message":"Redis connection error","timestamp":"06-16-2026 09:33:32","correlationId":"Invalid unknown-error-while-creating-correlation-id ","data":{"code":"ECONNREFUSED","stack":"AggregateError: \n    at internalConnectMultiple (node:net:1134:18)\n    at afterConnectMultiple (node:net:1715:7)"}}
{"level":"error","message":"Redis connection error","timestamp":"06-16-2026 09:33:33","correlationId":"Invalid unknown-error-while-creating-correlation-id ","data":{"code":"ECONNREFUSED","stack":"AggregateError: \n    at internalConnectMultiple (node:net:1134:18)\n    at afterConnectMultiple (node:net:1715:7)"}}
{"level":"error","message":"Redis connection error","timestamp":"06-16-2026 09:33:35","correlationId":"Invalid unknown-error-while-creating-correlation-id ","data":{"code":"ECONNREFUSED","stack":"AggregateError: \n    at internalConnectMultiple (node:net:1134:18)\n    at afterConnectMultiple (node:net:1715:7)"}}
{"level":"error","message":"Redis connection error","timestamp":"06-16-2026 09:33:37","correlationId":"Invalid unknown-error-while-creating-correlation-id ","data":{"code":"ECONNREFUSED","stack":"AggregateError: \n    at internalConnectMultiple (node:net:1134:18)\n    at afterConnectMultiple (node:net:1715:7)"}}
{"level":"error","message":"Error in submission queue","timestamp":"06-16-2026 09:33:38","correlationId":"Invalid unknown-error-while-creating-correlation-id ","data":{}}
{"level":"error","message":"Redis connection error","timestamp":"06-16-2026 09:33:39","correlationId":"Invalid unknown-error-while-creating-correlation-id ","data":{"code":"ECONNREFUSED","stack":"AggregateError: \n    at internalConnectMultiple (node:net:1134:18)\n    at afterConnectMultiple (node:net:1715:7)"}}
{"level":"error","message":"Redis connection error","timestamp":"06-16-2026 09:33:41","correlationId":"Invalid unknown-error-while-creating-correlation-id ","data":{"code":"ECONNREFUSED","stack":"AggregateError: \n    at internalConnectMultiple (node:net:1134:18)\n    at afterConnectMultiple (node:net:1715:7)"}}
{"level":"error","message":"Redis connection error","timestamp":"06-16-2026 09:33:43","correlationId":"Invalid unknown-error-while-creating-correlation-id ","data":{"code":"ECONNREFUSED","stack":"AggregateError: \n    at internalConnectMultiple (node:net:1134:18)\n    at afterConnectMultiple (node:net:1715:7)"}}
{"level":"error","message":"Redis connection error","timestamp":"06-16-2026 09:33:45","correlationId":"Invalid unknown-error-while-creating-correlation-id ","data":{"code":"ECONNREFUSED","stack":"AggregateError: \n    at internalConnectMultiple (node:net:1134:18)\n    at afterConnectMultiple (node:net:1715:7)"}}
{"level":"error","message":"Redis connection error","timestamp":"06-16-2026 09:33:47","correlationId":"Invalid unknown-error-while-creating-correlation-id ","data":{"code":"ECONNREFUSED","stack":"AggregateError: \n    at internalConnectMultiple (node:net:1134:18)\n    at afterConnectMultiple (node:net:1715:7)"}}
{"level":"error","message":"Redis connection error","timestamp":"06-16-2026 09:33:49","correlationId":"Invalid unknown-error-while-creating-correlation-id ","data":{"code":"ECONNREFUSED","stack":"AggregateError: \n    at internalConnectMultiple (node:net:1134:18)\n    at afterConnectMultiple (node:net:1715:7)"}}
{"level":"error","message":"Redis connection error","timestamp":"06-16-2026 09:33:51","correlationId":"Invalid unknown-error-while-creating-correlation-id ","data":{"code":"ECONNREFUSED","stack":"AggregateError: \n    at internalConnectMultiple (node:net:1134:18)\n    at afterConnectMultiple (node:net:1715:7)"}}
{"level":"error","message":"Redis connection error","timestamp":"06-16-2026 09:33:53","correlationId":"Invalid unknown-error-while-creating-correlation-id ","data":{"code":"ECONNREFUSED","stack":"AggregateError: \n    at internalConnectMultiple (node:net:1134:18)\n    at afterConnectMultiple (node:net:1715:7)"}}
{"level":"error","message":"Redis connection error","timestamp":"06-16-2026 09:33:55","correlationId":"Invalid unknown-error-while-creating-correlation-id ","data":{"code":"ECONNREFUSED","stack":"AggregateError: \n    at internalConnectMultiple (node:net:1134:18)\n    at afterConnectMultiple (node:net:1715:7)"}}
{"level":"error","message":"Redis connection error","timestamp":"06-16-2026 09:33:57","correlationId":"Invalid unknown-error-while-creating-correlation-id ","data":{"code":"ECONNREFUSED","stack":"AggregateError: \n    at internalConnectMultiple (node:net:1134:18)\n    at afterConnectMultiple (node:net:1715:7)"}}
{"level":"error","message":"Error in submission queue","timestamp":"06-16-2026 09:33:58","correlationId":"Invalid unknown-error-while-creating-correlation-id ","data":{}}
{"level":"error","message":"Redis connection error","timestamp":"06-16-2026 09:33:59","correlationId":"Invalid unknown-error-while-creating-correlation-id ","data":{"code":"ECONNREFUSED","stack":"AggregateError: \n    at internalConnectMultiple (node:net:1134:18)\n    at afterConnectMultiple (node:net:1715:7)"}}
{"level":"error","message":"Redis connection error","timestamp":"06-16-2026 09:34:01","correlationId":"Invalid unknown-error-while-creating-correlation-id ","data":{"code":"ECONNREFUSED","stack":"AggregateError: \n    at internalConnectMultiple (node:net:1134:18)\n    at afterConnectMultiple (node:net:1715:7)\n    at TCPConnectWrap.callbackTrampoline (node:internal/async_hooks:130:17)"}}
{"level":"error","message":"Redis connection error","timestamp":"06-16-2026 09:34:03","correlationId":"Invalid unknown-error-while-creating-correlation-id ","data":{"code":"ECONNREFUSED","stack":"AggregateError: \n    at internalConnectMultiple (node:net:1134:18)\n    at afterConnectMultiple (node:net:1715:7)\n    at TCPConnectWrap.callbackTrampoline (node:internal/async_hooks:130:17)"}}
{"level":"error","message":"Redis connection error","timestamp":"06-16-2026 09:34:05","correlationId":"Invalid unknown-error-while-creating-correlation-id ","data":{"code":"ECONNREFUSED","stack":"AggregateError: \n    at internalConnectMultiple (node:net:1134:18)\n    at afterConnectMultiple (node:net:1715:7)\n    at TCPConnectWrap.callbackTrampoline (node:internal/async_hooks:130:17)"}}
{"level":"error","message":"Redis connection error","timestamp":"06-16-2026 09:34:07","correlationId":"Invalid unknown-error-while-creating-correlation-id ","data":{"code":"ECONNREFUSED","stack":"AggregateError: \n    at internalConnectMultiple (node:net:1134:18)\n    at afterConnectMultiple (node:net:1715:7)\n    at TCPConnectWrap.callbackTrampoline (node:internal/async_hooks:130:17)"}}
{"level":"error","message":"Redis connection error","timestamp":"06-16-2026 09:34:09","correlationId":"Invalid unknown-error-while-creating-correlation-id ","data":{"code":"ECONNREFUSED","stack":"AggregateError: \n    at internalConnectMultiple (node:net:1134:18)\n    at afterConnectMultiple (node:net:1715:7)\n    at TCPConnectWrap.callbackTrampoline (node:internal/async_hooks:130:17)"}}
{"level":"error","message":"Redis connection error","timestamp":"06-16-2026 09:34:11","correlationId":"Invalid unknown-error-while-creating-correlation-id ","data":{"code":"ECONNREFUSED","stack":"AggregateError: \n    at internalConnectMultiple (node:net:1134:18)\n    at afterConnectMultiple (node:net:1715:7)\n    at TCPConnectWrap.callbackTrampoline (node:internal/async_hooks:130:17)"}}
{"level":"error","message":"Redis connection error","timestamp":"06-16-2026 09:34:13","correlationId":"Invalid unknown-error-while-creating-correlation-id ","data":{"code":"ECONNREFUSED","stack":"AggregateError: \n    at internalConnectMultiple (node:net:1134:18)\n    at afterConnectMultiple (node:net:1715:7)\n    at TCPConnectWrap.callbackTrampoline (node:internal/async_hooks:130:17)"}}
{"level":"error","message":"Redis connection error","timestamp":"06-16-2026 09:34:15","correlationId":"Invalid unknown-error-while-creating-correlation-id ","data":{"code":"ECONNREFUSED","stack":"AggregateError: \n    at internalConnectMultiple (node:net:1134:18)\n    at afterConnectMultiple (node:net:1715:7)\n    at TCPConnectWrap.callbackTrampoline (node:internal/async_hooks:130:17)"}}
{"level":"error","message":"Redis connection error","timestamp":"06-16-2026 09:34:17","correlationId":"Invalid unknown-error-while-creating-correlation-id ","data":{"code":"ECONNREFUSED","stack":"AggregateError: \n    at internalConnectMultiple (node:net:1134:18)\n    at afterConnectMultiple (node:net:1715:7)\n    at TCPConnectWrap.callbackTrampoline (node:internal/async_hooks:130:17)"}}
{"level":"error","message":"Error in submission queue","timestamp":"06-16-2026 09:34:18","correlationId":"Invalid unknown-error-while-creating-correlation-id ","data":{}}
{"level":"error","message":"Redis connection error","timestamp":"06-16-2026 09:34:19","correlationId":"Invalid unknown-error-while-creating-correlation-id ","data":{"code":"ECONNREFUSED","stack":"AggregateError: \n    at internalConnectMultiple (node:net:1134:18)\n    at afterConnectMultiple (node:net:1715:7)\n    at TCPConnectWrap.callbackTrampoline (node:internal/async_hooks:130:17)"}}
{"level":"error","message":"Redis connection error","timestamp":"06-16-2026 09:34:21","correlationId":"Invalid unknown-error-while-creating-correlation-id ","data":{"code":"ECONNREFUSED","stack":"AggregateError: \n    at internalConnectMultiple (node:net:1134:18)\n    at afterConnectMultiple (node:net:1715:7)\n    at TCPConnectWrap.callbackTrampoline (node:internal/async_hooks:130:17)"}}
{"level":"error","message":"Redis connection error","timestamp":"06-16-2026 09:34:23","correlationId":"Invalid unknown-error-while-creating-correlation-id ","data":{"code":"ECONNREFUSED","stack":"AggregateError: \n    at internalConnectMultiple (node:net:1134:18)\n    at afterConnectMultiple (node:net:1715:7)\n    at TCPConnectWrap.callbackTrampoline (node:internal/async_hooks:130:17)"}}
{"level":"error","message":"Redis connection error","timestamp":"06-16-2026 09:34:26","correlationId":"Invalid unknown-error-while-creating-correlation-id ","data":{"code":"ECONNREFUSED","stack":"AggregateError: \n    at internalConnectMultiple (node:net:1134:18)\n    at afterConnectMultiple (node:net:1715:7)\n    at TCPConnectWrap.callbackTrampoline (node:internal/async_hooks:130:17)"}}
{"level":"error","message":"Redis connection error","timestamp":"06-16-2026 09:34:28","correlationId":"Invalid unknown-error-while-creating-correlation-id ","data":{"code":"ECONNREFUSED","stack":"AggregateError: \n    at internalConnectMultiple (node:net:1134:18)\n    at afterConnectMultiple (node:net:1715:7)\n    at TCPConnectWrap.callbackTrampoline (node:internal/async_hooks:130:17)"}}
{"level":"error","message":"Redis connection error","timestamp":"06-16-2026 09:34:30","correlationId":"Invalid unknown-error-while-creating-correlation-id ","data":{"code":"ECONNREFUSED","stack":"AggregateError: \n    at internalConnectMultiple (node:net:1134:18)\n    at afterConnectMultiple (node:net:1715:7)\n    at TCPConnectWrap.callbackTrampoline (node:internal/async_hooks:130:17)"}}
{"level":"error","message":"Redis connection error","timestamp":"06-16-2026 09:34:32","correlationId":"Invalid unknown-error-while-creating-correlation-id ","data":{"code":"ECONNREFUSED","stack":"AggregateError: \n    at internalConnectMultiple (node:net:1134:18)\n    at afterConnectMultiple (node:net:1715:7)\n    at TCPConnectWrap.callbackTrampoline (node:internal/async_hooks:130:17)"}}
{"level":"error","message":"Redis connection error","timestamp":"06-16-2026 09:34:34","correlationId":"Invalid unknown-error-while-creating-correlation-id ","data":{"code":"ECONNREFUSED","stack":"AggregateError: \n    at internalConnectMultiple (node:net:1134:18)\n    at afterConnectMultiple (node:net:1715:7)\n    at TCPConnectWrap.callbackTrampoline (node:internal/async_hooks:130:17)"}}
{"level":"error","message":"Redis connection error","timestamp":"06-16-2026 09:34:36","correlationId":"Invalid unknown-error-while-creating-correlation-id ","data":{"code":"ECONNREFUSED","stack":"AggregateError: \n    at internalConnectMultiple (node:net:1134:18)\n    at afterConnectMultiple (node:net:1715:7)\n    at TCPConnectWrap.callbackTrampoline (node:internal/async_hooks:130:17)"}}
{"level":"error","message":"Redis connection error","timestamp":"06-16-2026 09:34:38","correlationId":"Invalid unknown-error-while-creating-correlation-id ","data":{"code":"ECONNREFUSED","stack":"AggregateError: \n    at internalConnectMultiple (node:net:1134:18)\n    at afterConnectMultiple (node:net:1715:7)\n    at TCPConnectWrap.callbackTrampoline (node:internal/async_hooks:130:17)"}}
{"level":"error","message":"Error in submission queue","timestamp":"06-16-2026 09:34:38","correlationId":"Invalid unknown-error-while-creating-correlation-id ","data":{}}
{"level":"error","message":"Redis connection error","timestamp":"06-16-2026 09:34:40","correlationId":"Invalid unknown-error-while-creating-correlation-id ","data":{"code":"ECONNREFUSED","stack":"AggregateError: \n    at internalConnectMultiple (node:net:1134:18)\n    at afterConnectMultiple (node:net:1715:7)\n    at TCPConnectWrap.callbackTrampoline (node:internal/async_hooks:130:17)"}}
{"level":"error","message":"Redis connection error","timestamp":"06-16-2026 09:34:42","correlationId":"Invalid unknown-error-while-creating-correlation-id ","data":{"code":"ECONNREFUSED","stack":"AggregateError: \n    at internalConnectMultiple (node:net:1134:18)\n    at afterConnectMultiple (node:net:1715:7)\n    at TCPConnectWrap.callbackTrampoline (node:internal/async_hooks:130:17)"}}
{"level":"error","message":"Redis connection error","timestamp":"06-16-2026 09:34:44","correlationId":"Invalid unknown-error-while-creating-correlation-id ","data":{"code":"ECONNREFUSED","stack":"AggregateError: \n    at internalConnectMultiple (node:net:1134:18)\n    at afterConnectMultiple (node:net:1715:7)\n    at TCPConnectWrap.callbackTrampoline (node:internal/async_hooks:130:17)"}}
{"level":"info","message":"Connected to Redis server","timestamp":"06-16-2026 09:34:46","correlationId":"Invalid unknown-error-while-creating-correlation-id ","data":{}}
{"level":"info","message":"Validating request body","timestamp":"06-16-2026 12:25:52","correlationId":"3e139ecc-1758-4305-ab3a-b37e4b936185","data":{}}
{"level":"info","message":"Request body is valid","timestamp":"06-16-2026 12:25:52","correlationId":"3e139ecc-1758-4305-ab3a-b37e4b936185","data":{}}
{"level":"info","message":"Creating submission","timestamp":"06-16-2026 12:25:52","correlationId":"3e139ecc-1758-4305-ab3a-b37e4b936185","data":{}}
{"level":"error","message":"Error fetching problem details for problemId 6a30d3fff4b8acc75706245a: AxiosError: Request failed with status code 404","timestamp":"06-16-2026 12:25:52","correlationId":"3e139ecc-1758-4305-ab3a-b37e4b936185","data":{}}
{"level":"error","message":"Error creating submission","timestamp":"06-16-2026 12:25:52","correlationId":"3e139ecc-1758-4305-ab3a-b37e4b936185","data":{"error":{"statusCode":404,"message":"Problem not found or something went wrong","name":"NotFoundError"}}}
{"level":"error","message":"Error occurred: Problem not found or something went wrong","timestamp":"06-16-2026 12:25:52","correlationId":"3e139ecc-1758-4305-ab3a-b37e4b936185","data":{}}
{"level":"info","message":"Validating request body","timestamp":"06-16-2026 12:29:45","correlationId":"ae520b6f-d7de-42f5-b9fb-5ba186308fe6","data":{}}
{"level":"info","message":"Request body is valid","timestamp":"06-16-2026 12:29:45","correlationId":"ae520b6f-d7de-42f5-b9fb-5ba186308fe6","data":{}}
{"level":"info","message":"Creating submission","timestamp":"06-16-2026 12:29:45","correlationId":"ae520b6f-d7de-42f5-b9fb-5ba186308fe6","data":{}}
{"level":"error","message":"Error fetching problem details for problemId 6a30d3fff4b8acc75706245a: AxiosError: Request failed with status code 404","timestamp":"06-16-2026 12:29:45","correlationId":"ae520b6f-d7de-42f5-b9fb-5ba186308fe6","data":{}}
{"level":"error","message":"Error creating submission","timestamp":"06-16-2026 12:29:45","correlationId":"ae520b6f-d7de-42f5-b9fb-5ba186308fe6","data":{"error":{"statusCode":404,"message":"Problem not found or something went wrong","name":"NotFoundError"}}}
{"level":"error","message":"Error occurred: Problem not found or something went wrong","timestamp":"06-16-2026 12:29:45","correlationId":"ae520b6f-d7de-42f5-b9fb-5ba186308fe6","data":{}}
{"level":"info","message":"MongoDB service stopped","timestamp":"06-16-2026 12:29:55","correlationId":"Invalid unknown-error-while-creating-correlation-id ","data":{}}
{"level":"info","message":"Server is running on http://localhost:3001","timestamp":"06-16-2026 12:30:01","correlationId":"Invalid unknown-error-while-creating-correlation-id ","data":{}}
{"level":"info","message":"Press Ctrl+C to stop the server.","timestamp":"06-16-2026 12:30:01","correlationId":"Invalid unknown-error-while-creating-correlation-id ","data":{}}
{"level":"info","message":"Connected to Redis server","timestamp":"06-16-2026 12:30:01","correlationId":"Invalid unknown-error-while-creating-correlation-id ","data":{}}
{"level":"info","message":"Validating request body","timestamp":"06-16-2026 12:30:40","correlationId":"5a1ebff5-62e7-4ae0-ad8f-9c788af55d3d","data":{}}
{"level":"info","message":"Request body is valid","timestamp":"06-16-2026 12:30:40","correlationId":"5a1ebff5-62e7-4ae0-ad8f-9c788af55d3d","data":{}}
{"level":"info","message":"Creating submission","timestamp":"06-16-2026 12:30:40","correlationId":"5a1ebff5-62e7-4ae0-ad8f-9c788af55d3d","data":{}}
{"level":"info","message":"Job is waiting in submission queue","timestamp":"06-16-2026 12:30:40","correlationId":"5a1ebff5-62e7-4ae0-ad8f-9c788af55d3d","data":{}}
{"level":"info","message":"Added submission job to queue with id 1 for submissionId 6a30f49867a193298066a8cc","timestamp":"06-16-2026 12:30:40","correlationId":"5a1ebff5-62e7-4ae0-ad8f-9c788af55d3d","data":{}}
{"level":"info","message":"Submission Job added with Job Id 1","timestamp":"06-16-2026 12:30:40","correlationId":"5a1ebff5-62e7-4ae0-ad8f-9c788af55d3d","data":{}}
{"level":"info","message":"Submission created successfully","timestamp":"06-16-2026 12:30:40","correlationId":"5a1ebff5-62e7-4ae0-ad8f-9c788af55d3d","data":{"submissionId":"6a30f49867a193298066a8cc"}}
{"level":"info","message":"Fetching submission by id","timestamp":"06-16-2026 12:32:22","correlationId":"b073be7e-7aca-4319-8420-5d289341f9cf","data":{"submissionId":"6a30f49867a193298066a8cc"}}
{"level":"info","message":"Submission fetched successfully","timestamp":"06-16-2026 12:32:22","correlationId":"b073be7e-7aca-4319-8420-5d289341f9cf","data":{"submissionId":"6a30f49867a193298066a8cc"}}
{"level":"info","message":"Fetching submission by id","timestamp":"06-16-2026 12:39:12","correlationId":"4aa6f63f-616c-4fff-8754-f7d43ce7deca","data":{"submissionId":"6a30f49867a193298066a8cc"}}
{"level":"info","message":"Submission fetched successfully","timestamp":"06-16-2026 12:39:12","correlationId":"4aa6f63f-616c-4fff-8754-f7d43ce7deca","data":{"submissionId":"6a30f49867a193298066a8cc"}}
{"level":"info","message":"Fetching submission by id","timestamp":"06-16-2026 12:41:31","correlationId":"6f8f7d4e-78aa-421b-96e2-ee060c2045ac","data":{"submissionId":"6a30d3fff4b8acc75706245a"}}
{"level":"error","message":"Error fetching submission by id","timestamp":"06-16-2026 12:41:31","correlationId":"6f8f7d4e-78aa-421b-96e2-ee060c2045ac","data":{"error":{"statusCode":404,"message":"Submission with id 6a30d3fff4b8acc75706245aNot found","name":"NotFoundError"}}}
{"level":"error","message":"Error occurred: Submission with id 6a30d3fff4b8acc75706245aNot found","timestamp":"06-16-2026 12:41:31","correlationId":"6f8f7d4e-78aa-421b-96e2-ee060c2045ac","data":{}}
{"level":"info","message":"Fetching submission by id","timestamp":"06-16-2026 12:42:34","correlationId":"3a0ff1b4-b3d7-4674-9c3c-84f73e99a270","data":{"submissionId":"6a30d3fff4b8acc75706245a"}}
{"level":"error","message":"Error fetching submission by id","timestamp":"06-16-2026 12:42:34","correlationId":"3a0ff1b4-b3d7-4674-9c3c-84f73e99a270","data":{"error":{"statusCode":404,"message":"Submission with id 6a30d3fff4b8acc75706245aNot found","name":"NotFoundError"}}}
{"level":"error","message":"Error occurred: Submission with id 6a30d3fff4b8acc75706245aNot found","timestamp":"06-16-2026 12:42:34","correlationId":"3a0ff1b4-b3d7-4674-9c3c-84f73e99a270","data":{}}
{"level":"info","message":"Fetching submissions by problem id","timestamp":"06-16-2026 12:44:22","correlationId":"4e1b5483-143c-4322-88c6-a0348f52d9d8","data":{"problemId":"6a30d3fff4b8acc75706245a"}}
{"level":"info","message":"Submissions fetched successfully","timestamp":"06-16-2026 12:44:22","correlationId":"4e1b5483-143c-4322-88c6-a0348f52d9d8","data":{"problemId":"6a30d3fff4b8acc75706245a"}}
{"level":"info","message":"Validating request body","timestamp":"06-16-2026 12:52:18","correlationId":"84cac4dd-57d0-4549-b1f5-31982bd89e0c","data":{}}
{"level":"info","message":"Request body is valid","timestamp":"06-16-2026 12:52:18","correlationId":"84cac4dd-57d0-4549-b1f5-31982bd89e0c","data":{}}
{"level":"info","message":"Updating submission status","timestamp":"06-16-2026 12:52:18","correlationId":"84cac4dd-57d0-4549-b1f5-31982bd89e0c","data":{"submissionId":"6a30f49867a193298066a8cc","status":"accepted"}}
{"level":"info","message":"Submission status updated successfully","timestamp":"06-16-2026 12:52:18","correlationId":"84cac4dd-57d0-4549-b1f5-31982bd89e0c","data":{"submissionId":"6a30f49867a193298066a8cc","status":"accepted"}}
{"level":"info","message":"Validating request body","timestamp":"06-16-2026 12:53:56","correlationId":"95273a02-2f2c-4227-84f4-f524a90a3de1","data":{}}
{"level":"info","message":"Request body is valid","timestamp":"06-16-2026 12:53:56","correlationId":"95273a02-2f2c-4227-84f4-f524a90a3de1","data":{}}
{"level":"info","message":"Updating submission status","timestamp":"06-16-2026 12:53:56","correlationId":"95273a02-2f2c-4227-84f4-f524a90a3de1","data":{"submissionId":"6a30f49867a193298066a8cc","status":"accepted"}}
{"level":"info","message":"Submission status updated successfully","timestamp":"06-16-2026 12:53:56","correlationId":"95273a02-2f2c-4227-84f4-f524a90a3de1","data":{"submissionId":"6a30f49867a193298066a8cc","status":"accepted"}}
{"level":"info","message":"Fetching submissions by problem id","timestamp":"06-16-2026 12:54:59","correlationId":"a78b7ac5-f5d2-40b2-90cc-2d7a03a0d283","data":{"problemId":"6a30d3fff4b8acc75706245a"}}
{"level":"info","message":"Submissions fetched successfully","timestamp":"06-16-2026 12:54:59","correlationId":"a78b7ac5-f5d2-40b2-90cc-2d7a03a0d283","data":{"problemId":"6a30d3fff4b8acc75706245a"}}
{"level":"info","message":"Server is running on http://localhost:3001","timestamp":"06-16-2026 12:57:43","correlationId":"Invalid unknown-error-while-creating-correlation-id ","data":{}}
{"level":"info","message":"Press Ctrl+C to stop the server.","timestamp":"06-16-2026 12:57:43","correlationId":"Invalid unknown-error-while-creating-correlation-id ","data":{}}
{"level":"info","message":"Connected to Redis server","timestamp":"06-16-2026 12:57:43","correlationId":"Invalid unknown-error-while-creating-correlation-id ","data":{}}
{"level":"info","message":"Server is running on http://localhost:3001","timestamp":"06-16-2026 12:57:57","correlationId":"Invalid unknown-error-while-creating-correlation-id ","data":{}}
{"level":"info","message":"Press Ctrl+C to stop the server.","timestamp":"06-16-2026 12:57:57","correlationId":"Invalid unknown-error-while-creating-correlation-id ","data":{}}
{"level":"info","message":"Connected to Redis server","timestamp":"06-16-2026 12:57:57","correlationId":"Invalid unknown-error-while-creating-correlation-id ","data":{}}
{"level":"info","message":"Server is running on http://localhost:3001","timestamp":"06-16-2026 12:58:01","correlationId":"Invalid unknown-error-while-creating-correlation-id ","data":{}}
{"level":"info","message":"Press Ctrl+C to stop the server.","timestamp":"06-16-2026 12:58:01","correlationId":"Invalid unknown-error-while-creating-correlation-id ","data":{}}
{"level":"info","message":"Connected to Redis server","timestamp":"06-16-2026 12:58:01","correlationId":"Invalid unknown-error-while-creating-correlation-id ","data":{}}
{"level":"info","message":"Server is running on http://localhost:3001","timestamp":"06-16-2026 12:58:03","correlationId":"Invalid unknown-error-while-creating-correlation-id ","data":{}}
{"level":"info","message":"Press Ctrl+C to stop the server.","timestamp":"06-16-2026 12:58:03","correlationId":"Invalid unknown-error-while-creating-correlation-id ","data":{}}
{"level":"info","message":"Connected to Redis server","timestamp":"06-16-2026 12:58:03","correlationId":"Invalid unknown-error-while-creating-correlation-id ","data":{}}
{"level":"info","message":"Server is running on http://localhost:3001","timestamp":"06-16-2026 12:58:10","correlationId":"Invalid unknown-error-while-creating-correlation-id ","data":{}}
{"level":"info","message":"Press Ctrl+C to stop the server.","timestamp":"06-16-2026 12:58:10","correlationId":"Invalid unknown-error-while-creating-correlation-id ","data":{}}
{"level":"info","message":"Connected to Redis server","timestamp":"06-16-2026 12:58:10","correlationId":"Invalid unknown-error-while-creating-correlation-id ","data":{}}
{"level":"info","message":"Fetching submissions by problem id","timestamp":"06-16-2026 12:58:43","correlationId":"71b2eb2f-8bb6-4476-aa3a-0f6b11438fbf","data":{"problemId":"6a30d3fff4b8acc75706245a"}}
{"level":"info","message":"Submissions fetched successfully","timestamp":"06-16-2026 12:58:43","correlationId":"71b2eb2f-8bb6-4476-aa3a-0f6b11438fbf","data":{"problemId":"6a30d3fff4b8acc75706245a"}}
{"level":"info","message":"Deleting submission by id","timestamp":"06-16-2026 13:00:19","correlationId":"7e86d5c2-b978-4d2b-827c-6140d42a720e","data":{"submissionId":"6a30f49867a193298066a8cc"}}
{"level":"info","message":"Submission deleted successfully","timestamp":"06-16-2026 13:00:19","correlationId":"7e86d5c2-b978-4d2b-827c-6140d42a720e","data":{"submissionId":"6a30f49867a193298066a8cc"}}
{"level":"info","message":"Fetching submission by id","timestamp":"06-16-2026 13:00:28","correlationId":"31d73ba6-c9d2-4a40-b55e-e7639bc1f9f5","data":{"submissionId":"6a30f49867a193298066a8cc"}}
{"level":"error","message":"Error fetching submission by id","timestamp":"06-16-2026 13:00:28","correlationId":"31d73ba6-c9d2-4a40-b55e-e7639bc1f9f5","data":{"error":{"statusCode":404,"message":"Submission with id 6a30f49867a193298066a8ccNot found","name":"NotFoundError"}}}
{"level":"error","message":"Error occurred: Submission with id 6a30f49867a193298066a8ccNot found","timestamp":"06-16-2026 13:00:28","correlationId":"31d73ba6-c9d2-4a40-b55e-e7639bc1f9f5","data":{}}
{"level":"info","message":"Fetching submissions by problem id","timestamp":"06-16-2026 13:00:43","correlationId":"7ce7039c-e956-4919-9317-7d7418f40766","data":{"problemId":"6a30d3fff4b8acc75706245a"}}
{"level":"error","message":"Error fetching submissions by problem id","timestamp":"06-16-2026 13:00:43","correlationId":"7ce7039c-e956-4919-9317-7d7418f40766","data":{"error":{"statusCode":404,"message":"No submissions found for problem with id 6a30d3fff4b8acc75706245a","name":"NotFoundError"}}}
{"level":"error","message":"Error occurred: No submissions found for problem with id 6a30d3fff4b8acc75706245a","timestamp":"06-16-2026 13:00:43","correlationId":"7ce7039c-e956-4919-9317-7d7418f40766","data":{}}
{"level":"info","message":"Server is running on http://localhost:3001","timestamp":"06-16-2026 13:02:56","correlationId":"Invalid unknown-error-while-creating-correlation-id ","data":{}}
{"level":"info","message":"Press Ctrl+C to stop the server.","timestamp":"06-16-2026 13:02:56","correlationId":"Invalid unknown-error-while-creating-correlation-id ","data":{}}
{"level":"info","message":"Connected to Redis server","timestamp":"06-16-2026 13:02:56","correlationId":"Invalid unknown-error-while-creating-correlation-id ","data":{}}
{"level":"info","message":"Server is running on http://localhost:3001","timestamp":"06-16-2026 13:02:59","correlationId":"Invalid unknown-error-while-creating-correlation-id ","data":{}}
{"level":"info","message":"Press Ctrl+C to stop the server.","timestamp":"06-16-2026 13:02:59","correlationId":"Invalid unknown-error-while-creating-correlation-id ","data":{}}
{"level":"info","message":"Connected to Redis server","timestamp":"06-16-2026 13:02:59","correlationId":"Invalid unknown-error-while-creating-correlation-id ","data":{}}
{"level":"info","message":"Server is running on http://localhost:3001","timestamp":"06-16-2026 13:03:24","correlationId":"Invalid unknown-error-while-creating-correlation-id ","data":{}}
{"level":"info","message":"Press Ctrl+C to stop the server.","timestamp":"06-16-2026 13:03:24","correlationId":"Invalid unknown-error-while-creating-correlation-id ","data":{}}
{"level":"info","message":"Connected to Redis server","timestamp":"06-16-2026 13:03:24","correlationId":"Invalid unknown-error-while-creating-correlation-id ","data":{}}
{"level":"info","message":"Server is running on http://localhost:3001","timestamp":"06-16-2026 13:03:29","correlationId":"Invalid unknown-error-while-creating-correlation-id ","data":{}}
{"level":"info","message":"Press Ctrl+C to stop the server.","timestamp":"06-16-2026 13:03:29","correlationId":"Invalid unknown-error-while-creating-correlation-id ","data":{}}
{"level":"info","message":"Connected to Redis server","timestamp":"06-16-2026 13:03:29","correlationId":"Invalid unknown-error-while-creating-correlation-id ","data":{}}
{"level":"info","message":"Validating request body","timestamp":"06-16-2026 13:10:21","correlationId":"a025ab50-6700-4905-ba26-04210f152b0f","data":{}}
{"level":"info","message":"Request body is valid","timestamp":"06-16-2026 13:10:21","correlationId":"a025ab50-6700-4905-ba26-04210f152b0f","data":{}}
{"level":"info","message":"Creating submission","timestamp":"06-16-2026 13:10:21","correlationId":"a025ab50-6700-4905-ba26-04210f152b0f","data":{}}
{"level":"info","message":"Job is waiting in submission queue","timestamp":"06-16-2026 13:10:21","correlationId":"a025ab50-6700-4905-ba26-04210f152b0f","data":{}}
{"level":"info","message":"Added submission job to queue with id 2 for submissionId 6a30fde54a7cd7f58c298ccb","timestamp":"06-16-2026 13:10:21","correlationId":"a025ab50-6700-4905-ba26-04210f152b0f","data":{}}
{"level":"info","message":"Submission Job added with Job Id 2","timestamp":"06-16-2026 13:10:21","correlationId":"a025ab50-6700-4905-ba26-04210f152b0f","data":{}}
{"level":"info","message":"Submission created successfully","timestamp":"06-16-2026 13:10:21","correlationId":"a025ab50-6700-4905-ba26-04210f152b0f","data":{"submissionId":"6a30fde54a7cd7f58c298ccb"}}
